exports[`JS creates a TemplateNativeModule.js 1`] = `
"//  Created by react-native-create-bridge

import { NativeModules } from \'react-native\'

const { TestModule } = NativeModules

export default {
  exampleMethod () {
    return TestModule.exampleMethod()
  },

  EXAMPLE_CONSTANT: TestModule.EXAMPLE_CONSTANT
}
"
`;

exports[`JS creates a TemplateNativeView.js 1`] = `
"//  Created by react-native-create-bridge

import React, { Component } from \'react\'
import { requireNativeComponent } from \'react-native\'

const TestModule = requireNativeComponent(\'TestModule\', null)

class TestModuleView extends Component {
  render () {
    return <TestModule {...this.props} />
  }
}

TestModuleView.propTypes = {
  exampleProp: React.PropTypes.any
}

export default TestModuleView
"
`;
